Microchip MPLAB XC8 Compiler V1.35 ()

Linker command line:

--edf=C:\Program Files (x86)\Microchip\xc8\v1.35\dat\en_msgs.txt -cs \
  -h+dist/default/debug\Lab5.X.debug.sym \
  --cmf=dist/default/debug\Lab5.X.debug.cmf -z -Q18F4331 \
  -oC:\Users\tr514\AppData\Local\Temp\s5fg.2 \
  -Mdist/default/debug/Lab5.X.debug.map -E1 -ver=XC8 -ASTACK=060h-02eeh \
  -pstack=STACK -ACODE=00h-01CFFh -ACONST=00h-01CFFh \
  -ASMALLCONST=0300h-03FFhx26 -AMEDIUMCONST=0300h-01CFFh -ACOMRAM=01h-05Fh \
  -AABS1=00h-02EEh -ABIGRAM=01h-02EEh \
  -ARAM=060h-0FFh,0100h-01FFh,0200h-02EEh -ABANK0=060h-0FFh \
  -ABANK1=0100h-01FFh -ABANK2=0200h-02EEh \
  -ASFR=0F60h-0F9Bh,0F9Dh-0FD3h,0FD5h-0FDAh,0FE0h-0FE2h,0FE8h-0FEAh,0FF0h-0FFBh \
  -preset_vec=00h,intcode,intcodelo,powerup,init,end_init -pramtop=0300h \
  -psmallconst=SMALLCONST -pmediumconst=MEDIUMCONST -pconst=CONST \
  -AFARRAM=00h-00h -ACONFIG=0300000h-030000Dh -pconfig=CONFIG \
  -AIDLOC=0200000h-0200007h -pidloc=IDLOC -AEEDATA=0F00000h-0F000FFh \
  -peeprom_data=EEDATA \
  -prdata=COMRAM,nvrram=COMRAM,nvbit=COMRAM,rbss=COMRAM,rbit=COMRAM \
  -pfarbss=FARRAM,fardata=FARRAM,nvFARRAM=FARRAM \
  -pintsave_regs=BIGRAM,bigbss=BIGRAM,bigdata=BIGRAM -pbss=RAM \
  -pidata=CODE,irdata=CODE,ibigdata=CODE,ifardata=CODE -prparam=COMRAM \
  C:\Users\tr514\AppData\Local\Temp\s5fg.obj \
  dist/default/debug\Lab5.X.debug.obj 

Object code version is 3.11

Machine type is 18F4331

Call graph: (short form)




                Name                               Link     Load   Length Selector   Space Scale
C:\Users\tr514\AppData\Local\Temp\s5fg.obj
                end_init                              2        2        4        0       0
                reset_vec                             0        0        2        0       0
                idloc                            200000   200000        8   200000       0
                config                           300000   300000        E   300000       0
dist/default/debug\Lab5.X.debug.obj
                text11                             1940     1940       5C      CA0       0
                text10                             1A02     1A02       84      D01       0
                text9                              1800     1800       26      C00       0
                text8                              1B7E     1B7E      182      DBF       0
                text7                              1826     1826       36      C13       0
                text6                              1892     1892       3A      C49       0
                text5                              17E6     17E6       1A      BF3       0
                text4                              185C     185C       36      C2E       0
                text3                              199C     199C       66      CCE       0
                text2                              18CC     18CC       3A      C66       0
                text1                              1906     1906       3A      C83       0
                text0                              1A86     1A86       F8      D43       0
                cstackCOMRAM                          1        1       35        1       1
                cinit                              17E0     17E0        6      BF0       0

TOTAL           Name                               Link     Load   Length     Space
        CLASS   STACK          

        CLASS   CODE           
                end_init                              2        2        4         0
                reset_vec                             0        0        2         0
                text11                             1940     1940       5C         0
                text10                             1A02     1A02       84         0
                text9                              1800     1800       26         0
                text8                              1B7E     1B7E      182         0
                text7                              1826     1826       36         0
                text6                              1892     1892       3A         0
                text5                              17E6     17E6       1A         0
                text4                              185C     185C       36         0
                text3                              199C     199C       66         0
                text2                              18CC     18CC       3A         0
                text1                              1906     1906       3A         0
                text0                              1A86     1A86       F8         0
                cinit                              17E0     17E0        6         0

        CLASS   CONST          

        CLASS   SMALLCONST     

        CLASS   MEDIUMCONST    

        CLASS   COMRAM         
                cstackCOMRAM                          1        1       35         1

        CLASS   ABS1           

        CLASS   BIGRAM         

        CLASS   RAM            

        CLASS   BANK0          

        CLASS   BANK1          

        CLASS   BANK2          

        CLASS   SFR            

        CLASS   FARRAM         

        CLASS   CONFIG         
                config                           300000   300000        E         0

        CLASS   IDLOC          
                idloc                            200000   200000        8         0

        CLASS   EEDATA         



SEGMENTS        Name                           Load    Length   Top    Selector   Space  Class

                reset_vec                      000000  000006  000006         0       0  CODE    
                cstackCOMRAM                   000001  000035  000036         1       1  COMRAM  
                cinit                          0017E0  000006  0017E6       BF0       0  CODE    
                text5                          0017E6  00001A  001800       BF3       0  CODE    
                text9                          001800  000026  001826       C00       0  CODE    
                text7                          001826  000036  00185C       C13       0  CODE    
                text4                          00185C  000036  001892       C2E       0  CODE    
                text6                          001892  00003A  0018CC       C49       0  CODE    
                text2                          0018CC  00003A  001906       C66       0  CODE    
                text1                          001906  00003A  001940       C83       0  CODE    
                text11                         001940  00005C  00199C       CA0       0  CODE    
                text3                          00199C  000066  001A02       CCE       0  CODE    
                text10                         001A02  000084  001A86       D01       0  CODE    
                text0                          001A86  0000F8  001B7E       D43       0  CODE    
                text8                          001B7E  000182  001D00       DBF       0  CODE    
                idloc                          200000  000008  200008    200000       0  IDLOC   
                config                         300000  00000E  30000E    300000       0  CONFIG  


UNUSED ADDRESS RANGES

        Name                Unused          Largest block    Delta
        BANK0            000060-0000FF               A0
        BANK1            000100-0001FF              100
        BANK2            000200-0002EE               EF
        BIGRAM           000036-0002EE              2B9
        CODE             000006-0017DF             17DA
        COMRAM           000036-00005F               2A
        CONST            000006-0017DF             17DA
        EEDATA           F00000-F000FF              100
        MEDIUMCONST      000300-0017DF             14E0
        RAM              000060-0002EE              100
        SFR              000F60-000F9B               3C
                         000F9D-000FD3               37
                         000FD5-000FDA                6
                         000FE0-000FE2                3
                         000FE8-000FEA                3
                         000FF0-000FFB                C
        SMALLCONST       000300-0017DF              100
        STACK            000060-0002EE              28F

                                  Symbol Table

?___awdiv                         cstackCOMRAM 000007
?___wmul                          cstackCOMRAM 000001
_ADCON0                           (abs)        000FC2
_ADCON1                           (abs)        000FC1
_ADCON2                           (abs)        000FC0
_ANSEL0bits                       (abs)        000FB8
_LATB                             (abs)        000F8A
_OSCCON                           (abs)        000FD3
_OSCCONbits                       (abs)        000FD3
_PDC0H                            (abs)        000F78
_PDC0L                            (abs)        000F79
_PDC1H                            (abs)        000F76
_PDC1L                            (abs)        000F77
_PTCON0                           (abs)        000F7F
_PTCON1                           (abs)        000F7E
_PTPERH                           (abs)        000F7A
_PTPERL                           (abs)        000F7B
_PWMCON0                          (abs)        000F6F
_PWMCON1                          (abs)        000F6E
_TRISAbits                        (abs)        000F92
_TRISBbits                        (abs)        000F93
__CFG_OSC$IRCIO                   (abs)        000000
__CFG_WDTEN$OFF                   (abs)        000000
__HRAM                            (abs)        000000
__Habs1                           abs1         000000
__Hbank0                          bank0        000000
__Hbank1                          bank1        000000
__Hbank2                          bank2        000000
__Hbigbss                         bigbss       000000
__Hbigdata                        bigdata      000000
__Hbigram                         bigram       000000
__Hbss                            bss          000000
__Hcinit                          cinit        000000
__Hclrtext                        clrtext      000000
__Hcomram                         comram       000000
__Hconfig                         config       30000E
__Hconst                          const        000000
__HcstackCOMRAM                   cstackCOMRAM 000000
__Hdata                           data         000000
__Heeprom_data                    eeprom_data  000000
__Hend_init                       end_init     000006
__Hfarbss                         farbss       000000
__Hfardata                        fardata      000000
__Hibigdata                       ibigdata     000000
__Hidata                          idata        000000
__Hidloc                          idloc        200008
__Hifardata                       ifardata     000000
__Hinit                           init         000002
__Hintcode                        intcode      000002
__Hintcode_body                   intcode_body 000000
__Hintcodelo                      intcodelo    000002
__Hintentry                       intentry     000000
__Hintret                         intret       000000
__Hintsave_regs                   intsave_regs 000000
__Hirdata                         irdata       000000
__Hmediumconst                    mediumconst  000000
__HnvFARRAM                       nvFARRAM     000000
__Hnvbit                          nvbit        000000
__Hnvrram                         nvrram       000000
__Hparam                          rparam       000000
__Hpowerup                        powerup      000002
__Hram                            ram          000000
__Hramtop                         ramtop       000300
__Hrbit                           rbit         000000
__Hrbss                           rbss         000000
__Hrdata                          rdata        000000
__Hreset_vec                      reset_vec    000002
__Hrparam                         rparam       000000
__Hsfr                            sfr          000000
__Hsmallconst                     smallconst   000000
__Hspace_0                        (abs)        30000E
__Hspace_1                        (abs)        000036
__Hspace_2                        (abs)        000000
__Hstack                          stack        000000
__Hstruct                         struct       000000
__Htemp                           temp         000000
__Htext                           text         000000
__Htext0                          text0        000000
__Htext1                          text1        000000
__Htext10                         text10       000000
__Htext11                         text11       000000
__Htext2                          text2        000000
__Htext3                          text3        000000
__Htext4                          text4        000000
__Htext5                          text5        000000
__Htext6                          text6        000000
__Htext7                          text7        000000
__Htext8                          text8        000000
__Htext9                          text9        000000
__LRAM                            (abs)        000001
__Labs1                           abs1         000000
__Lbank0                          bank0        000000
__Lbank1                          bank1        000000
__Lbank2                          bank2        000000
__Lbigbss                         bigbss       000000
__Lbigdata                        bigdata      000000
__Lbigram                         bigram       000000
__Lbss                            bss          000000
__Lcinit                          cinit        000000
__Lclrtext                        clrtext      000000
__Lcomram                         comram       000000
__Lconfig                         config       300000
__Lconst                          const        000000
__LcstackCOMRAM                   cstackCOMRAM 000000
__Ldata                           data         000000
__Leeprom_data                    eeprom_data  000000
__Lend_init                       end_init     000002
__Lfarbss                         farbss       000000
__Lfardata                        fardata      000000
__Libigdata                       ibigdata     000000
__Lidata                          idata        000000
__Lidloc                          idloc        200000
__Lifardata                       ifardata     000000
__Linit                           init         000002
__Lintcode                        intcode      000002
__Lintcode_body                   intcode_body 000000
__Lintcodelo                      intcodelo    000002
__Lintentry                       intentry     000000
__Lintret                         intret       000000
__Lintsave_regs                   intsave_regs 000000
__Lirdata                         irdata       000000
__Lmediumconst                    mediumconst  000000
__LnvFARRAM                       nvFARRAM     000000
__Lnvbit                          nvbit        000000
__Lnvrram                         nvrram       000000
__Lparam                          rparam       000000
__Lpowerup                        powerup      000002
__Lram                            ram          000000
__Lramtop                         ramtop       000300
__Lrbit                           rbit         000000
__Lrbss                           rbss         000000
__Lrdata                          rdata        000000
__Lreset_vec                      reset_vec    000000
__Lrparam                         rparam       000000
__Lsfr                            sfr          000000
__Lsmallconst                     smallconst   000000
__Lspace_0                        (abs)        000000
__Lspace_1                        (abs)        000000
__Lspace_2                        (abs)        000000
__Lstack                          stack        000000
__Lstruct                         struct       000000
__Ltemp                           temp         000000
__Ltext                           text         000000
__Ltext0                          text0        000000
__Ltext1                          text1        000000
__Ltext10                         text10       000000
__Ltext11                         text11       000000
__Ltext2                          text2        000000
__Ltext3                          text3        000000
__Ltext4                          text4        000000
__Ltext5                          text5        000000
__Ltext6                          text6        000000
__Ltext7                          text7        000000
__Ltext8                          text8        000000
__Ltext9                          text9        000000
__S0                              (abs)        30000E
__S1                              (abs)        000036
__S2                              (abs)        000000
___awdiv                          text10       001A02
___awdiv@counter                  cstackCOMRAM 00000B
___awdiv@dividend                 cstackCOMRAM 000007
___awdiv@divisor                  cstackCOMRAM 000009
___awdiv@quotient                 cstackCOMRAM 00000D
___awdiv@sign                     cstackCOMRAM 00000C
___inthi_sp                       stack        000000
___intlo_sp                       stack        000000
___param_bank                     (abs)        000010
___rparam_used                    (abs)        000001
___sp                             stack        000000
___wmul                           text9        001800
___wmul@multiplicand              cstackCOMRAM 000003
___wmul@multiplier                cstackCOMRAM 000001
___wmul@product                   cstackCOMRAM 000005
__accesstop                       (abs)        000060
__activetblptr                    (abs)        000000
__end_of___awdiv                  text10       001A86
__end_of___wmul                   text9        001826
__end_of__initialization          cinit        0017E0
__end_of_delay_s                  text11       00199C
__end_of_fullSpeed                text6        0018CC
__end_of_initPWM                  text5        001800
__end_of_main                     text0        001B7E
__end_of_setMotorPWM              text8        001D00
__end_of_setSingleMotorFullSpeed  text7        00185C
__end_of_stop                     text3        001A02
__end_of_stopSingleMotor          text4        001892
__end_of_turnLeft                 text2        001906
__end_of_turnRight                text1        001940
__initialization                  cinit        0017E0
__mediumconst                     mediumconst  000000
__pcinit                          cinit        0017E0
__pcstackCOMRAM                   cstackCOMRAM 000001
__ptext0                          text0        001A86
__ptext1                          text1        001906
__ptext10                         text10       001A02
__ptext11                         text11       001940
__ptext2                          text2        0018CC
__ptext3                          text3        00199C
__ptext4                          text4        00185C
__ptext5                          text5        0017E6
__ptext6                          text6        001892
__ptext7                          text7        001826
__ptext8                          text8        001B7E
__ptext9                          text9        001800
__ramtop                          ramtop       000300
__size_of___awdiv                 (abs)        000000
__size_of___wmul                  (abs)        000000
__size_of_delay_s                 (abs)        000000
__size_of_fullSpeed               (abs)        000000
__size_of_initPWM                 (abs)        000000
__size_of_main                    (abs)        000000
__size_of_setMotorPWM             (abs)        000000
__size_of_setSingleMotorFullSpeed (abs)        000000
__size_of_stop                    (abs)        000000
__size_of_stopSingleMotor         (abs)        000000
__size_of_turnLeft                (abs)        000000
__size_of_turnRight               (abs)        000000
__smallconst                      smallconst   000000
_delay_s                          text11       001940
_fullSpeed                        text6        001892
_initPWM                          text5        0017E6
_main                             text0        001A86
_setMotorPWM                      text8        001B7E
_setSingleMotorFullSpeed          text7        001826
_stop                             text3        00199C
_stopSingleMotor                  text4        00185C
_turnLeft                         text2        0018CC
_turnRight                        text1        001906
delay_s@i                         cstackCOMRAM 000004
delay_s@j                         cstackCOMRAM 000006
delay_s@seconds                   cstackCOMRAM 000003
end_of_initialization             cinit        0017E0
fullSpeed@m_L                     cstackCOMRAM 000019
fullSpeed@m_R                     cstackCOMRAM 00001B
intlevel0                         text         000000
intlevel1                         text         000000
intlevel2                         text         000000
intlevel3                         text         000000
main@motorL                       cstackCOMRAM 000024
main@motorR                       cstackCOMRAM 00002D
setMotorPWM@PWMduty               cstackCOMRAM 000014
setMotorPWM@m                     cstackCOMRAM 00000F
setSingleMotorFullSpeed@m         cstackCOMRAM 000016
stackhi                           (abs)        0002EE
stacklo                           (abs)        000060
start                             init         000002
start_initialization              cinit        0017E0
stop@i                            cstackCOMRAM 000022
stop@m_L                          cstackCOMRAM 000019
stop@m_R                          cstackCOMRAM 00001B
stop@temp                         cstackCOMRAM 00001E
stop@temp2                        cstackCOMRAM 000020
stopSingleMotor@m                 cstackCOMRAM 000016
turnLeft@m_L                      cstackCOMRAM 000019
turnLeft@m_R                      cstackCOMRAM 00001B
turnRight@m_L                     cstackCOMRAM 000019
turnRight@m_R                     cstackCOMRAM 00001B


FUNCTION INFORMATION:

 *************** function _main *****************
 Defined at:
		line 112 in file "main.c"
 Parameters:    Size  Location     Type
		None
 Auto vars:     Size  Location     Type
  motorR          9   44[COMRAM] struct DC_motor
  motorL          9   35[COMRAM] struct DC_motor
 Return value:  Size  Location     Type
		None               void
 Registers used:
		wreg, fsr2l, fsr2h, status,2, status,0, prodl, prodh, cstack
 Tracked objects:
		On entry : 
		On exit  : 
		Unchanged: 
 Data sizes:     COMRAM   BANK0   BANK1   BANK2
      Params:         0       0       0       0
      Locals:        18       0       0       0
      Temps:          0       0       0       0
      Totals:        18       0       0       0
Total ram usage:       18 bytes
 Hardware stack levels required when called:    4
 This function calls:
		_delay_s
		_fullSpeed
		_initPWM
		_stop
		_turnLeft
		_turnRight
 This function is called by:
		Startup code after reset
 This function uses a non-reentrant model


 *************** function _turnRight *****************
 Defined at:
		line 91 in file "main.c"
 Parameters:    Size  Location     Type
  m_L             2   24[COMRAM] PTR struct DC_motor
		 -> main@motorR(9), main@motorL(9), 
  m_R             2   26[COMRAM] PTR struct DC_motor
		 -> main@motorR(9), main@motorL(9), 
 Auto vars:     Size  Location     Type
		None
 Return value:  Size  Location     Type
		None               void
 Registers used:
		wreg, fsr2l, fsr2h, status,2, status,0, prodl, prodh, cstack
 Tracked objects:
		On entry : 
		On exit  : 
		Unchanged: 
 Data sizes:     COMRAM   BANK0   BANK1   BANK2
      Params:         4       0       0       0
      Locals:         0       0       0       0
      Temps:          0       0       0       0
      Totals:         4       0       0       0
Total ram usage:        4 bytes
 Hardware stack levels used:    1
 Hardware stack levels required when called:    3
 This function calls:
		_setSingleMotorFullSpeed
 This function is called by:
		_main
 This function uses a non-reentrant model


 *************** function _turnLeft *****************
 Defined at:
		line 83 in file "main.c"
 Parameters:    Size  Location     Type
  m_L             2   24[COMRAM] PTR struct DC_motor
		 -> main@motorR(9), main@motorL(9), 
  m_R             2   26[COMRAM] PTR struct DC_motor
		 -> main@motorR(9), main@motorL(9), 
 Auto vars:     Size  Location     Type
		None
 Return value:  Size  Location     Type
		None               void
 Registers used:
		wreg, fsr2l, fsr2h, status,2, status,0, prodl, prodh, cstack
 Tracked objects:
		On entry : 
		On exit  : 
		Unchanged: 
 Data sizes:     COMRAM   BANK0   BANK1   BANK2
      Params:         4       0       0       0
      Locals:         0       0       0       0
      Temps:          0       0       0       0
      Totals:         4       0       0       0
Total ram usage:        4 bytes
 Hardware stack levels used:    1
 Hardware stack levels required when called:    3
 This function calls:
		_setSingleMotorFullSpeed
 This function is called by:
		_main
 This function uses a non-reentrant model


 *************** function _stop *****************
 Defined at:
		line 72 in file "main.c"
 Parameters:    Size  Location     Type
  m_L             2   24[COMRAM] PTR struct DC_motor
		 -> main@motorR(9), main@motorL(9), 
  m_R             2   26[COMRAM] PTR struct DC_motor
		 -> main@motorR(9), main@motorL(9), 
 Auto vars:     Size  Location     Type
  i               2   33[COMRAM] int 
  temp2           2   31[COMRAM] int 
  temp            2   29[COMRAM] int 
 Return value:  Size  Location     Type
		None               void
 Registers used:
		wreg, fsr2l, fsr2h, status,2, status,0, prodl, prodh, cstack
 Tracked objects:
		On entry : 
		On exit  : 
		Unchanged: 
 Data sizes:     COMRAM   BANK0   BANK1   BANK2
      Params:         4       0       0       0
      Locals:         6       0       0       0
      Temps:          1       0       0       0
      Totals:        11       0       0       0
Total ram usage:       11 bytes
 Hardware stack levels used:    1
 Hardware stack levels required when called:    3
 This function calls:
		_stopSingleMotor
 This function is called by:
		_main
 This function uses a non-reentrant model


 *************** function _stopSingleMotor *****************
 Defined at:
		line 56 in file "main.c"
 Parameters:    Size  Location     Type
  m               2   21[COMRAM] PTR struct DC_motor
		 -> stop@m_R(2), stop@m_L(2), 
 Auto vars:     Size  Location     Type
		None
 Return value:  Size  Location     Type
		None               void
 Registers used:
		wreg, fsr2l, fsr2h, status,2, status,0, prodl, prodh, cstack
 Tracked objects:
		On entry : 
		On exit  : 
		Unchanged: 
 Data sizes:     COMRAM   BANK0   BANK1   BANK2
      Params:         2       0       0       0
      Locals:         0       0       0       0
      Temps:          1       0       0       0
      Totals:         3       0       0       0
Total ram usage:        3 bytes
 Hardware stack levels used:    1
 Hardware stack levels required when called:    2
 This function calls:
		_setMotorPWM
 This function is called by:
		_stop
 This function uses a non-reentrant model


 *************** function _initPWM *****************
 Defined at:
		line 15 in file "main.c"
 Parameters:    Size  Location     Type
		None
 Auto vars:     Size  Location     Type
		None
 Return value:  Size  Location     Type
		None               void
 Registers used:
		wreg, status,2
 Tracked objects:
		On entry : 
		On exit  : 
		Unchanged: 
 Data sizes:     COMRAM   BANK0   BANK1   BANK2
      Params:         0       0       0       0
      Locals:         0       0       0       0
      Temps:          0       0       0       0
      Totals:         0       0       0       0
Total ram usage:        0 bytes
 Hardware stack levels used:    1
 This function calls:
		Nothing
 This function is called by:
		_main
 This function uses a non-reentrant model


 *************** function _fullSpeed *****************
 Defined at:
		line 64 in file "main.c"
 Parameters:    Size  Location     Type
  m_L             2   24[COMRAM] PTR struct DC_motor
		 -> main@motorR(9), main@motorL(9), 
  m_R             2   26[COMRAM] PTR struct DC_motor
		 -> main@motorR(9), main@motorL(9), 
 Auto vars:     Size  Location     Type
		None
 Return value:  Size  Location     Type
		None               void
 Registers used:
		wreg, fsr2l, fsr2h, status,2, status,0, prodl, prodh, cstack
 Tracked objects:
		On entry : 
		On exit  : 
		Unchanged: 
 Data sizes:     COMRAM   BANK0   BANK1   BANK2
      Params:         4       0       0       0
      Locals:         0       0       0       0
      Temps:          0       0       0       0
      Totals:         4       0       0       0
Total ram usage:        4 bytes
 Hardware stack levels used:    1
 Hardware stack levels required when called:    3
 This function calls:
		_setSingleMotorFullSpeed
 This function is called by:
		_main
 This function uses a non-reentrant model


 *************** function _setSingleMotorFullSpeed *****************
 Defined at:
		line 48 in file "main.c"
 Parameters:    Size  Location     Type
  m               2   21[COMRAM] PTR struct DC_motor
		 -> turnRight@m_R(2), turnRight@m_L(2), turnLeft@m_R(2), turnLeft@m_L(2), 
		 -> fullSpeed@m_R(2), fullSpeed@m_L(2), 
 Auto vars:     Size  Location     Type
		None
 Return value:  Size  Location     Type
		None               void
 Registers used:
		wreg, fsr2l, fsr2h, status,2, status,0, prodl, prodh, cstack
 Tracked objects:
		On entry : 
		On exit  : 
		Unchanged: 
 Data sizes:     COMRAM   BANK0   BANK1   BANK2
      Params:         2       0       0       0
      Locals:         0       0       0       0
      Temps:          1       0       0       0
      Totals:         3       0       0       0
Total ram usage:        3 bytes
 Hardware stack levels used:    1
 Hardware stack levels required when called:    2
 This function calls:
		_setMotorPWM
 This function is called by:
		_fullSpeed
		_turnLeft
		_turnRight
 This function uses a non-reentrant model


 *************** function _setMotorPWM *****************
 Defined at:
		line 26 in file "main.c"
 Parameters:    Size  Location     Type
  m               2   14[COMRAM] PTR struct DC_motor
		 -> turnRight@m_R(2), turnRight@m_L(2), turnLeft@m_R(2), turnLeft@m_L(2), 
		 -> stop@m_R(2), stop@m_L(2), fullSpeed@m_R(2), fullSpeed@m_L(2), 
 Auto vars:     Size  Location     Type
  PWMduty         2   19[COMRAM] int 
 Return value:  Size  Location     Type
		None               void
 Registers used:
		wreg, fsr2l, fsr2h, status,2, status,0, prodl, prodh, cstack
 Tracked objects:
		On entry : 
		On exit  : 
		Unchanged: 
 Data sizes:     COMRAM   BANK0   BANK1   BANK2
      Params:         2       0       0       0
      Locals:         2       0       0       0
      Temps:          3       0       0       0
      Totals:         7       0       0       0
Total ram usage:        7 bytes
 Hardware stack levels used:    1
 Hardware stack levels required when called:    1
 This function calls:
		___awdiv
		___wmul
 This function is called by:
		_setSingleMotorFullSpeed
		_stopSingleMotor
 This function uses a non-reentrant model


 *************** function ___wmul *****************
 Defined at:
		line 15 in file "C:\Program Files (x86)\Microchip\xc8\v1.35\sources\common\Umul16.c"
 Parameters:    Size  Location     Type
  multiplier      2    0[COMRAM] unsigned int 
  multiplicand    2    2[COMRAM] unsigned int 
 Auto vars:     Size  Location     Type
  product         2    4[COMRAM] unsigned int 
 Return value:  Size  Location     Type
                  2    0[COMRAM] unsigned int 
 Registers used:
		wreg, status,2, status,0, prodl, prodh
 Tracked objects:
		On entry : 
		On exit  : 
		Unchanged: 
 Data sizes:     COMRAM   BANK0   BANK1   BANK2
      Params:         4       0       0       0
      Locals:         2       0       0       0
      Temps:          0       0       0       0
      Totals:         6       0       0       0
Total ram usage:        6 bytes
 Hardware stack levels used:    1
 This function calls:
		Nothing
 This function is called by:
		_setMotorPWM
 This function uses a non-reentrant model


 *************** function ___awdiv *****************
 Defined at:
		line 8 in file "C:\Program Files (x86)\Microchip\xc8\v1.35\sources\common\awdiv.c"
 Parameters:    Size  Location     Type
  dividend        2    6[COMRAM] int 
  divisor         2    8[COMRAM] int 
 Auto vars:     Size  Location     Type
  quotient        2   12[COMRAM] int 
  sign            1   11[COMRAM] unsigned char 
  counter         1   10[COMRAM] unsigned char 
 Return value:  Size  Location     Type
                  2    6[COMRAM] int 
 Registers used:
		wreg, status,2, status,0
 Tracked objects:
		On entry : 
		On exit  : 
		Unchanged: 
 Data sizes:     COMRAM   BANK0   BANK1   BANK2
      Params:         4       0       0       0
      Locals:         4       0       0       0
      Temps:          0       0       0       0
      Totals:         8       0       0       0
Total ram usage:        8 bytes
 Hardware stack levels used:    1
 This function calls:
		Nothing
 This function is called by:
		_setMotorPWM
 This function uses a non-reentrant model


 *************** function _delay_s *****************
 Defined at:
		line 102 in file "main.c"
 Parameters:    Size  Location     Type
  seconds         1    wreg     unsigned char 
 Auto vars:     Size  Location     Type
  seconds         1    2[COMRAM] unsigned char 
  j               2    5[COMRAM] unsigned int 
  i               2    3[COMRAM] unsigned int 
 Return value:  Size  Location     Type
		None               void
 Registers used:
		wreg, status,2, status,0
 Tracked objects:
		On entry : 
		On exit  : 
		Unchanged: 
 Data sizes:     COMRAM   BANK0   BANK1   BANK2
      Params:         0       0       0       0
      Locals:         5       0       0       0
      Temps:          2       0       0       0
      Totals:         7       0       0       0
Total ram usage:        7 bytes
 Hardware stack levels used:    1
 This function calls:
		Nothing
 This function is called by:
		_main
 This function uses a non-reentrant model



MODULE INFORMATION

Module		Function		Class		Link	Load	Size
C:\Program Files (x86)\Microchip\xc8\v1.35\sources\common\awdiv.c
		___awdiv       		CODE           	1A02	0000	133

C:\Program Files (x86)\Microchip\xc8\v1.35\sources\common\awdiv.c estimated size: 133

shared
		__initialization		CODE           	17E0	0000	1

shared estimated size: 1

C:\Program Files (x86)\Microchip\xc8\v1.35\sources\common\Umul16.c
		___wmul        		CODE           	1800	0000	39

C:\Program Files (x86)\Microchip\xc8\v1.35\sources\common\Umul16.c estimated size: 39

main.c
		_setSingleMotorFullSpeed		CODE           	1826	0000	55
		_turnLeft      		CODE           	18CC	0000	59
		_stop          		CODE           	199C	0000	103
		_turnRight     		CODE           	1906	0000	59
		_main          		CODE           	1A86	0000	249
		_setMotorPWM   		CODE           	1B7E	0000	387
		_initPWM       		CODE           	17E6	0000	27
		_stopSingleMotor		CODE           	185C	0000	55
		_fullSpeed     		CODE           	1892	0000	59
		_delay_s       		CODE           	1940	0000	93

main.c estimated size: 1146

