Microchip MPLAB XC8 Compiler V1.35 ()

Linker command line:

--edf=C:\Program Files (x86)\Microchip\xc8\v1.35\dat\en_msgs.txt -cs \
  -h+dist/default/production\lab4.X.production.sym \
  --cmf=dist/default/production\lab4.X.production.cmf -z -Q18F4331 \
  -oC:\Users\tr514\AppData\Local\Temp\s57s.2 \
  -Mdist/default/production/lab4.X.production.map -E1 -ver=XC8 \
  -ASTACK=01AAh-02ffh -pstack=STACK -ACODE=00h-01FFFh -ACONST=00h-01FFFh \
  -ASMALLCONST=0300h-03FFhx29 -AMEDIUMCONST=0300h-01FFFh -ACOMRAM=01h-05Fh \
  -AABS1=00h-02FFh -ABIGRAM=01h-02FFh -ARAM=060h-0FFh,0100h-01FFhx2 \
  -ABANK0=060h-0FFh -ABANK1=0100h-01FFh -ABANK2=0200h-02FFh \
  -ASFR=0F60h-0FFFh \
  -preset_vec=00h,intcode=08h,intcodelo,powerup,init,end_init \
  -pramtop=0300h -psmallconst=SMALLCONST -pmediumconst=MEDIUMCONST \
  -pconst=CONST -AFARRAM=00h-00h -ACONFIG=0300000h-030000Dh -pconfig=CONFIG \
  -AIDLOC=0200000h-0200007h -pidloc=IDLOC -AEEDATA=0F00000h-0F000FFh \
  -peeprom_data=EEDATA \
  -prdata=COMRAM,nvrram=COMRAM,nvbit=COMRAM,rbss=COMRAM,rbit=COMRAM \
  -pfarbss=FARRAM,fardata=FARRAM,nvFARRAM=FARRAM \
  -pintsave_regs=BIGRAM,bigbss=BIGRAM,bigdata=BIGRAM -pbss=RAM \
  -pidata=CODE,irdata=CODE,ibigdata=CODE,ifardata=CODE -prparam=COMRAM \
  C:\Users\tr514\AppData\Local\Temp\s57s.obj \
  dist/default/production\lab4.X.production.obj 

Object code version is 3.11

Machine type is 18F4331

Call graph: (short form)




                Name                               Link     Load   Length Selector   Space Scale
C:\Users\tr514\AppData\Local\Temp\s57s.obj
                end_init                             C2       C2        4        4       0
                reset_vec                             0        0        4        0       0
                idloc                            200000   200000        8   200000       0
                config                           300000   300000        E   300000       0
dist/default/production\lab4.X.production.obj
                intcode                               8        8       BA        4       0
                temp                                 2B       2B        1        1       1
                smallconst                          300      300       CC      180       0
                text11                              D32      D32        E      1E6       0
                text10                              972      972       C6      1E6       0
                text9                               CEE      CEE       30      1E6       0
                text8                               8AA      8AA       C8      1E6       0
                text7                               B96      B96       5E      1E6       0
                text6                               CBE      CBE       30      1E6       0
                text5                               C44      C44       40      1E6       0
                text4                               AF6      AF6       A0      1E6       0
                text3                               C84      C84       3A      1E6       0
                text2                               A38      A38       BE      1E6       0
                text1                               BF4      BF4       50      1E6       0
                text0                               3CC      3CC      4DE      1E6       0
                cstackCOMRAM                          1        1       29        1       1
                cstackBANK1                         100      100       A9      100       1
                bssBANK1                            1A9      1A9        1      100       1
                bssCOMRAM                            2A       2A        1        1       1
                cinit                               D1E      D1E       14      1E6       0

TOTAL           Name                               Link     Load   Length     Space
        CLASS   STACK          

        CLASS   CODE           
                end_init                             C2       C2        4         0
                intcode                               8        8       BA         0
                reset_vec                             0        0        4         0
                text11                              D32      D32        E         0
                text10                              972      972       C6         0
                text9                               CEE      CEE       30         0
                text8                               8AA      8AA       C8         0
                text7                               B96      B96       5E         0
                text6                               CBE      CBE       30         0
                text5                               C44      C44       40         0
                text4                               AF6      AF6       A0         0
                text3                               C84      C84       3A         0
                text2                               A38      A38       BE         0
                text1                               BF4      BF4       50         0
                text0                               3CC      3CC      4DE         0
                cinit                               D1E      D1E       14         0

        CLASS   CONST          

        CLASS   SMALLCONST     
                smallconst                          300      300       CC         0

        CLASS   MEDIUMCONST    

        CLASS   COMRAM         
                temp                                 2B       2B        1         1
                cstackCOMRAM                          1        1       29         1
                bssCOMRAM                            2A       2A        1         1

        CLASS   ABS1           

        CLASS   BIGRAM         

        CLASS   RAM            

        CLASS   BANK0          

        CLASS   BANK1          
                cstackBANK1                         100      100       A9         1
                bssBANK1                            1A9      1A9        1         1

        CLASS   BANK2          

        CLASS   SFR            

        CLASS   FARRAM         

        CLASS   CONFIG         
                config                           300000   300000        E         0

        CLASS   IDLOC          
                idloc                            200000   200000        8         0

        CLASS   EEDATA         



SEGMENTS        Name                           Load    Length   Top    Selector   Space  Class

                reset_vec                      000000  000004  000004         0       0  CODE    
                cstackCOMRAM                   000001  00002B  00002C         1       1  COMRAM  
                intcode                        000008  0000BE  0000C6         4       0  CODE    
                cstackBANK1                    000100  0000AA  0001AA       100       1  BANK1   
                smallconst                     000300  0000CC  0003CC       180       0  SMALLCON
                text0                          0003CC  000974  000D40       1E6       0  CODE    
                idloc                          200000  000008  200008    200000       0  IDLOC   
                config                         300000  00000E  30000E    300000       0  CONFIG  


UNUSED ADDRESS RANGES

        Name                Unused          Largest block    Delta
        BANK0            000060-0000FF               A0
        BANK1            0001AA-0001FF               56
        BANK2            000200-0002FF              100
        BIGRAM           00002C-0000FF               D4
                         0001AA-0002FF              156
        CODE             000004-000007                4
                         0000C6-0002FF              23A
                         000D40-001FFF             12C0
        COMRAM           00002C-00005F               34
        CONST            000004-000007                4
                         0000C6-0002FF              23A
                         000D40-001FFF             12C0
        EEDATA           F00000-F000FF              100
        MEDIUMCONST      000D40-001FFF             12C0
        RAM              000060-0000FF               A0
                         0001AA-0002FF               56
        SFR              000F60-000FFF               A0
        SMALLCONST       000D40-001FFF              100
        STACK            0001AA-0002FF              156

                                  Symbol Table

?_sprintf                      cstackCOMRAM 000011
?_strcat                       cstackCOMRAM 000011
?_strlen                       cstackCOMRAM 000011
InterruptHandlerHigh@A         cstackCOMRAM 00000F
InterruptHandlerHigh@B         cstackCOMRAM 000010
LCD_String@string              cstackCOMRAM 000017
LCDout@number                  cstackCOMRAM 000014
SendLCD@Byte                   cstackCOMRAM 000016
SendLCD@type                   cstackCOMRAM 000015
SetLine@line                   cstackCOMRAM 000017
_ADCON0                        (abs)        000FC2
_ADCON1                        (abs)        000FC1
_ADCON2                        (abs)        000FC0
_ANSEL0bits                    (abs)        000FB8
_E_TOG                         text11       000D32
_INTCONbits                    (abs)        000FF2
_InterruptHandlerHigh          intcode      000008
_LATA                          (abs)        000F89
_LATAbits                      (abs)        000F89
_LATC                          (abs)        000F8B
_LATCbits                      (abs)        000F8B
_LATD                          (abs)        000F8C
_LATDbits                      (abs)        000F8C
_LCD_Init                      text8        0008AA
_LCD_String                    text7        000B96
_LCDout                        text10       000972
_OSCCON                        (abs)        000FD3
_OSCCONbits                    (abs)        000FD3
_PORTCbits                     (abs)        000F82
_SendLCD                       text9        000CEE
_SetLine                       text6        000CBE
_TMR0L                         (abs)        000FD6
_TRISAbits                     (abs)        000F92
_TRISC                         (abs)        000F94
_TRISCbits                     (abs)        000F94
_TRISD                         (abs)        000F95
_TRISDbits                     (abs)        000F95
__CFG_LVP$OFF                  (abs)        000000
__CFG_MCLRE$OFF                (abs)        000000
__CFG_OSC$IRCIO                (abs)        000000
__CFG_WDTEN$OFF                (abs)        000000
__HRAM                         (abs)        000000
__Habs1                        abs1         000000
__Hbank0                       bank0        000000
__Hbank1                       bank1        000000
__Hbank2                       bank2        000000
__Hbigbss                      bigbss       000000
__Hbigdata                     bigdata      000000
__Hbigram                      bigram       000000
__Hbss                         bss          000000
__HbssBANK1                    bssBANK1     000000
__HbssCOMRAM                   bssCOMRAM    000000
__Hcinit                       cinit        000000
__Hclrtext                     clrtext      000000
__Hcomram                      comram       000000
__Hconfig                      config       30000E
__Hconst                       const        000000
__HcstackBANK1                 cstackBANK1  000000
__HcstackCOMRAM                cstackCOMRAM 000000
__Hdata                        data         000000
__Heeprom_data                 eeprom_data  000000
__Hend_init                    end_init     0000C6
__Hfarbss                      farbss       000000
__Hfardata                     fardata      000000
__Hibigdata                    ibigdata     000000
__Hidata                       idata        000000
__Hidloc                       idloc        200008
__Hifardata                    ifardata     000000
__Hinit                        init         0000C2
__Hintcode                     intcode      0000C2
__Hintcode_body                intcode_body 000000
__Hintcodelo                   intcodelo    0000C2
__Hintentry                    intentry     000000
__Hintret                      intret       000000
__Hintsave_regs                intsave_regs 000000
__Hirdata                      irdata       000000
__Hmediumconst                 mediumconst  000000
__HnvFARRAM                    nvFARRAM     000000
__Hnvbit                       nvbit        000000
__Hnvrram                      nvrram       000000
__Hparam                       rparam       000000
__Hpowerup                     powerup      0000C2
__Hram                         ram          000000
__Hramtop                      ramtop       000300
__Hrbit                        rbit         000000
__Hrbss                        rbss         000000
__Hrdata                       rdata        000000
__Hreset_vec                   reset_vec    000004
__Hrparam                      rparam       000000
__Hsfr                         sfr          000000
__Hsmallconst                  smallconst   0003CC
__Hspace_0                     (abs)        30000E
__Hspace_1                     (abs)        0001AA
__Hspace_2                     (abs)        000000
__Hstack                       stack        000000
__Hstruct                      struct       000000
__Htemp                        temp         00002C
__Htext                        text         000000
__Htext0                       text0        000000
__Htext1                       text1        000000
__Htext10                      text10       000000
__Htext11                      text11       000000
__Htext2                       text2        000000
__Htext3                       text3        000000
__Htext4                       text4        000000
__Htext5                       text5        000000
__Htext6                       text6        000000
__Htext7                       text7        000000
__Htext8                       text8        000000
__Htext9                       text9        000000
__LRAM                         (abs)        000001
__Labs1                        abs1         000000
__Lbank0                       bank0        000000
__Lbank1                       bank1        000000
__Lbank2                       bank2        000000
__Lbigbss                      bigbss       000000
__Lbigdata                     bigdata      000000
__Lbigram                      bigram       000000
__Lbss                         bss          000000
__LbssBANK1                    bssBANK1     000000
__LbssCOMRAM                   bssCOMRAM    000000
__Lcinit                       cinit        000000
__Lclrtext                     clrtext      000000
__Lcomram                      comram       000000
__Lconfig                      config       300000
__Lconst                       const        000000
__LcstackBANK1                 cstackBANK1  000000
__LcstackCOMRAM                cstackCOMRAM 000000
__Ldata                        data         000000
__Leeprom_data                 eeprom_data  000000
__Lend_init                    end_init     0000C2
__Lfarbss                      farbss       000000
__Lfardata                     fardata      000000
__Libigdata                    ibigdata     000000
__Lidata                       idata        000000
__Lidloc                       idloc        200000
__Lifardata                    ifardata     000000
__Linit                        init         0000C2
__Lintcode                     intcode      000008
__Lintcode_body                intcode_body 000000
__Lintcodelo                   intcodelo    0000C2
__Lintentry                    intentry     000000
__Lintret                      intret       000000
__Lintsave_regs                intsave_regs 000000
__Lirdata                      irdata       000000
__Lmediumconst                 mediumconst  000000
__LnvFARRAM                    nvFARRAM     000000
__Lnvbit                       nvbit        000000
__Lnvrram                      nvrram       000000
__Lparam                       rparam       000000
__Lpowerup                     powerup      0000C2
__Lram                         ram          000000
__Lramtop                      ramtop       000300
__Lrbit                        rbit         000000
__Lrbss                        rbss         000000
__Lrdata                       rdata        000000
__Lreset_vec                   reset_vec    000000
__Lrparam                      rparam       000000
__Lsfr                         sfr          000000
__Lsmallconst                  smallconst   000300
__Lspace_0                     (abs)        000000
__Lspace_1                     (abs)        000000
__Lspace_2                     (abs)        000000
__Lstack                       stack        000000
__Lstruct                      struct       000000
__Ltemp                        temp         00002B
__Ltext                        text         000000
__Ltext0                       text0        000000
__Ltext1                       text1        000000
__Ltext10                      text10       000000
__Ltext11                      text11       000000
__Ltext2                       text2        000000
__Ltext3                       text3        000000
__Ltext4                       text4        000000
__Ltext5                       text5        000000
__Ltext6                       text6        000000
__Ltext7                       text7        000000
__Ltext8                       text8        000000
__Ltext9                       text9        000000
__S0                           (abs)        30000E
__S1                           (abs)        0001AA
__S2                           (abs)        000000
___inthi_sp                    stack        000000
___intlo_sp                    stack        000000
___param_bank                  (abs)        000010
___rparam_used                 (abs)        000001
___sp                          stack        000000
__accesstop                    (abs)        000060
__activetblptr                 (abs)        000002
__end_of_E_TOG                 text11       000D40
__end_of_InterruptHandlerHigh  intcode      0000C2
__end_of_LCD_Init              text8        000972
__end_of_LCD_String            text7        000BF4
__end_of_LCDout                text10       000A38
__end_of_SendLCD               text9        000D1E
__end_of_SetLine               text6        000CEE
__end_of__initialization       cinit        000D24
__end_of_main                  text0        0008AA
__end_of_memmove               text4        000B96
__end_of_sprintf               text5        000C84
__end_of_str_cut               text2        000AF6
__end_of_strcat                text1        000C44
__end_of_strlen                text3        000CBE
__initialization               cinit        000D1E
__mediumconst                  mediumconst  000000
__pbssBANK1                    bssBANK1     0001A9
__pbssCOMRAM                   bssCOMRAM    00002A
__pcinit                       cinit        000D1E
__pcstackBANK1                 cstackBANK1  000100
__pcstackCOMRAM                cstackCOMRAM 000001
__pintcode                     intcode      000008
__psmallconst                  smallconst   000300
__ptext0                       text0        0003CC
__ptext1                       text1        000BF4
__ptext10                      text10       000972
__ptext11                      text11       000D32
__ptext2                       text2        000A38
__ptext3                       text3        000C84
__ptext4                       text4        000AF6
__ptext5                       text5        000C44
__ptext6                       text6        000CBE
__ptext7                       text7        000B96
__ptext8                       text8        0008AA
__ptext9                       text9        000CEE
__ramtop                       ramtop       000300
__size_of_E_TOG                (abs)        000000
__size_of_InterruptHandlerHigh (abs)        000000
__size_of_LCD_Init             (abs)        000000
__size_of_LCD_String           (abs)        000000
__size_of_LCDout               (abs)        000000
__size_of_SendLCD              (abs)        000000
__size_of_SetLine              (abs)        000000
__size_of_main                 (abs)        000000
__size_of_memmove              (abs)        000000
__size_of_sprintf              (abs)        000000
__size_of_str_cut              (abs)        000000
__size_of_strcat               (abs)        000000
__size_of_strlen               (abs)        000000
__smallconst                   smallconst   000300
_alive                         bssBANK1     0001A9
_location                      bssCOMRAM    00002A
_main                          text0        0003CC
_memmove                       text4        000AF6
_sprintf                       text5        000C44
_str_cut                       text2        000A38
_strcat                        text1        000BF4
_strlen                        text3        000C84
btemp                          temp         00002B
end_of_initialization          cinit        000D24
int$flags                      temp         00002B
intlevel0                      text         000000
intlevel1                      text         000000
intlevel2                      text         000000
intlevel3                      text         000000
main@LDRresult                 cstackBANK1  0001A0
main@buf                       cstackBANK1  000178
main@frac_part                 cstackBANK1  0001A4
main@i                         cstackBANK1  0001A8
main@int_part                  cstackBANK1  0001A2
main@kitty                     cstackBANK1  000100
main@lvl                       cstackBANK1  000128
main@lvl2                      cstackBANK1  000150
main@storeval                  cstackBANK1  0001A6
main@x                         cstackBANK1  0001A7
memmove@d                      cstackCOMRAM 000019
memmove@d1                     cstackCOMRAM 000011
memmove@n                      cstackCOMRAM 000015
memmove@s                      cstackCOMRAM 00001B
memmove@s1                     cstackCOMRAM 000013
sprintf@ap                     cstackCOMRAM 000015
sprintf@c                      cstackCOMRAM 000017
sprintf@f                      cstackCOMRAM 000013
sprintf@sp                     cstackCOMRAM 000011
stackhi                        (abs)        0002FF
stacklo                        (abs)        0001AA
start                          init         0000C2
start_initialization           cinit        000D1E
str_cut@begin                  cstackCOMRAM 00001F
str_cut@l                      cstackCOMRAM 000027
str_cut@len                    cstackCOMRAM 000021
str_cut@str                    cstackCOMRAM 00001D
strcat@cp                      cstackCOMRAM 000015
strcat@from                    cstackCOMRAM 000013
strcat@to                      cstackCOMRAM 000011
strlen@cp                      cstackCOMRAM 000015
strlen@s                       cstackCOMRAM 000011


FUNCTION INFORMATION:

 *************** function _main *****************
 Defined at:
		line 146 in file "main.c"
 Parameters:    Size  Location     Type
		None
 Auto vars:     Size  Location     Type
  buf            40  120[BANK1 ] unsigned char [40]
  lvl2           40   80[BANK1 ] unsigned char [40]
  lvl            40   40[BANK1 ] unsigned char [40]
  kitty          40    0[BANK1 ] unsigned char [40]
  buf2           40    0        unsigned char [40]
  frac_part       2  164[BANK1 ] unsigned int 
  int_part        2  162[BANK1 ] unsigned int 
  LDRresult       2  160[BANK1 ] unsigned int 
  i               1  168[BANK1 ] unsigned char 
  x               1  167[BANK1 ] unsigned char 
  storeval        1  166[BANK1 ] unsigned char 
 Return value:  Size  Location     Type
		None               void
 Registers used:
		wreg, fsr1l, fsr1h, fsr2l, fsr2h, status,2, status,0, tblptrl, tblptrh, tblptru, cstack
 Tracked objects:
		On entry : 
		On exit  : 
		Unchanged: 
 Data sizes:     COMRAM   BANK0   BANK1   BANK2
      Params:         0       0       0       0
      Locals:         0       0     169       0
      Temps:          1       0       0       0
      Totals:         1       0     169       0
Total ram usage:      170 bytes
 Hardware stack levels required when called:    5
 This function calls:
		_LCD_Init
		_LCD_String
		_SendLCD
		_SetLine
		_sprintf
		_str_cut
		_strcat
 This function is called by:
		Startup code after reset
 This function uses a non-reentrant model


 *************** function _strcat *****************
 Defined at:
		line 8 in file "C:\Program Files (x86)\Microchip\xc8\v1.35\sources\common\strcat.c"
 Parameters:    Size  Location     Type
  to              2   16[COMRAM] PTR unsigned char 
		 -> STR_11(2), STR_10(2), 
  from            2   18[COMRAM] PTR const unsigned char 
		 -> main@lvl2(40), main@lvl(40), 
 Auto vars:     Size  Location     Type
  cp              2   20[COMRAM] PTR unsigned char 
		 -> STR_11(2), STR_10(2), 
 Return value:  Size  Location     Type
                  2   16[COMRAM] PTR unsigned char 
 Registers used:
		wreg, fsr2l, fsr2h, status,2, status,0, tblptrl, tblptrh, tblptru
 Tracked objects:
		On entry : 
		On exit  : 
		Unchanged: 
 Data sizes:     COMRAM   BANK0   BANK1   BANK2
      Params:         4       0       0       0
      Locals:         2       0       0       0
      Temps:          0       0       0       0
      Totals:         6       0       0       0
Total ram usage:        6 bytes
 Hardware stack levels used:    1
 Hardware stack levels required when called:    1
 This function calls:
		Nothing
 This function is called by:
		_main
 This function uses a non-reentrant model


 *************** function _str_cut *****************
 Defined at:
		line 27 in file "main.c"
 Parameters:    Size  Location     Type
  str             2   28[COMRAM] PTR unsigned char 
		 -> main@lvl2(40), main@lvl(40), 
  begin           2   30[COMRAM] int 
  len             2   32[COMRAM] int 
 Auto vars:     Size  Location     Type
  l               2   38[COMRAM] int 
 Return value:  Size  Location     Type
                  2   28[COMRAM] int 
 Registers used:
		wreg, fsr1l, fsr1h, fsr2l, fsr2h, status,2, status,0, cstack
 Tracked objects:
		On entry : 
		On exit  : 
		Unchanged: 
 Data sizes:     COMRAM   BANK0   BANK1   BANK2
      Params:         6       0       0       0
      Locals:         2       0       0       0
      Temps:          4       0       0       0
      Totals:        12       0       0       0
Total ram usage:       12 bytes
 Hardware stack levels used:    1
 Hardware stack levels required when called:    2
 This function calls:
		_memmove
		_strlen
 This function is called by:
		_main
 This function uses a non-reentrant model


 *************** function _strlen *****************
 Defined at:
		line 4 in file "C:\Program Files (x86)\Microchip\xc8\v1.35\sources\common\strlen.c"
 Parameters:    Size  Location     Type
  s               2   16[COMRAM] PTR const unsigned char 
		 -> main@lvl2(40), main@lvl(40), 
 Auto vars:     Size  Location     Type
  cp              2   20[COMRAM] PTR const unsigned char 
		 -> main@lvl2(40), main@lvl(40), 
 Return value:  Size  Location     Type
                  2   16[COMRAM] unsigned int 
 Registers used:
		wreg, fsr2l, fsr2h, status,2, status,0
 Tracked objects:
		On entry : 
		On exit  : 
		Unchanged: 
 Data sizes:     COMRAM   BANK0   BANK1   BANK2
      Params:         2       0       0       0
      Locals:         2       0       0       0
      Temps:          2       0       0       0
      Totals:         6       0       0       0
Total ram usage:        6 bytes
 Hardware stack levels used:    1
 Hardware stack levels required when called:    1
 This function calls:
		Nothing
 This function is called by:
		_str_cut
 This function uses a non-reentrant model


 *************** function _memmove *****************
 Defined at:
		line 8 in file "C:\Program Files (x86)\Microchip\xc8\v1.35\sources\common\memmove.c"
 Parameters:    Size  Location     Type
  d1              2   16[COMRAM] PTR void 
		 -> main@lvl2(40), main@lvl(40), 
  s1              2   18[COMRAM] PTR const void 
		 -> main@lvl2(40), main@lvl(40), 
  n               2   20[COMRAM] unsigned int 
 Auto vars:     Size  Location     Type
  s               2   26[COMRAM] PTR const unsigned char 
		 -> main@lvl2(40), main@lvl(40), 
  d               2   24[COMRAM] PTR unsigned char 
		 -> main@lvl2(40), main@lvl(40), 
 Return value:  Size  Location     Type
                  2   16[COMRAM] PTR void 
 Registers used:
		wreg, fsr1l, fsr1h, fsr2l, fsr2h, status,2, status,0
 Tracked objects:
		On entry : 
		On exit  : 
		Unchanged: 
 Data sizes:     COMRAM   BANK0   BANK1   BANK2
      Params:         6       0       0       0
      Locals:         4       0       0       0
      Temps:          2       0       0       0
      Totals:        12       0       0       0
Total ram usage:       12 bytes
 Hardware stack levels used:    1
 Hardware stack levels required when called:    1
 This function calls:
		Nothing
 This function is called by:
		_str_cut
 This function uses a non-reentrant model


 *************** function _sprintf *****************
 Defined at:
		line 492 in file "C:\Program Files (x86)\Microchip\xc8\v1.35\sources\common\doprnt.c"
 Parameters:    Size  Location     Type
  sp              2   16[COMRAM] PTR unsigned char 
		 -> main@kitty(40), main@lvl2(40), main@lvl(40), main@buf(40), 
  f               2   18[COMRAM] PTR const unsigned char 
		 -> STR_9(2), STR_8(40), STR_7(40), STR_6(16), 
		 -> STR_5(17), STR_4(16), STR_3(17), STR_2(16), 
		 -> STR_1(17), 
 Auto vars:     Size  Location     Type
  tmpval          4    0        struct .
  cp              3    0        PTR const unsigned char 
  ap              2   20[COMRAM] PTR void [1]
		 -> ?_sprintf(2), 
  len             2    0        unsigned int 
  val             2    0        unsigned int 
  c               1   22[COMRAM] char 
  flag            1    0        unsigned char 
  prec            1    0        char 
 Return value:  Size  Location     Type
                  2   16[COMRAM] int 
 Registers used:
		wreg, fsr2l, fsr2h, status,2, status,0, tblptrl, tblptrh, tblptru
 Tracked objects:
		On entry : 
		On exit  : 
		Unchanged: 
 Data sizes:     COMRAM   BANK0   BANK1   BANK2
      Params:         4       0       0       0
      Locals:         3       0       0       0
      Temps:          0       0       0       0
      Totals:         7       0       0       0
Total ram usage:        7 bytes
 Hardware stack levels used:    1
 Hardware stack levels required when called:    1
 This function calls:
		Nothing
 This function is called by:
		_main
 This function uses a non-reentrant model


 *************** function _SetLine *****************
 Defined at:
		line 108 in file "main.c"
 Parameters:    Size  Location     Type
  line            1    wreg     unsigned char 
 Auto vars:     Size  Location     Type
  line            1   22[COMRAM] unsigned char 
 Return value:  Size  Location     Type
		None               void
 Registers used:
		wreg, status,2, status,0, cstack
 Tracked objects:
		On entry : 
		On exit  : 
		Unchanged: 
 Data sizes:     COMRAM   BANK0   BANK1   BANK2
      Params:         0       0       0       0
      Locals:         1       0       0       0
      Temps:          0       0       0       0
      Totals:         1       0       0       0
Total ram usage:        1 bytes
 Hardware stack levels used:    1
 Hardware stack levels required when called:    4
 This function calls:
		_SendLCD
 This function is called by:
		_main
 This function uses a non-reentrant model


 *************** function _LCD_String *****************
 Defined at:
		line 117 in file "main.c"
 Parameters:    Size  Location     Type
  string          2   22[COMRAM] PTR unsigned char 
		 -> STR_14(9), STR_13(10), STR_12(10), main@lvl2(40), 
		 -> main@lvl(40), main@buf(40), 
 Auto vars:     Size  Location     Type
		None
 Return value:  Size  Location     Type
		None               void
 Registers used:
		wreg, fsr1l, fsr1h, status,2, status,0, tblptrl, tblptrh, tblptru, cstack
 Tracked objects:
		On entry : 
		On exit  : 
		Unchanged: 
 Data sizes:     COMRAM   BANK0   BANK1   BANK2
      Params:         2       0       0       0
      Locals:         0       0       0       0
      Temps:          0       0       0       0
      Totals:         2       0       0       0
Total ram usage:        2 bytes
 Hardware stack levels used:    1
 Hardware stack levels required when called:    4
 This function calls:
		_SendLCD
 This function is called by:
		_main
 This function uses a non-reentrant model


 *************** function _LCD_Init *****************
 Defined at:
		line 72 in file "main.c"
 Parameters:    Size  Location     Type
		None
 Auto vars:     Size  Location     Type
		None
 Return value:  Size  Location     Type
		None               void
 Registers used:
		wreg, status,2, status,0, cstack
 Tracked objects:
		On entry : 
		On exit  : 
		Unchanged: 
 Data sizes:     COMRAM   BANK0   BANK1   BANK2
      Params:         0       0       0       0
      Locals:         0       0       0       0
      Temps:          1       0       0       0
      Totals:         1       0       0       0
Total ram usage:        1 bytes
 Hardware stack levels used:    1
 Hardware stack levels required when called:    4
 This function calls:
		_LCDout
		_SendLCD
 This function is called by:
		_main
 This function uses a non-reentrant model


 *************** function _SendLCD *****************
 Defined at:
		line 61 in file "main.c"
 Parameters:    Size  Location     Type
  Byte            1    wreg     unsigned char 
  type            1   20[COMRAM] unsigned char 
 Auto vars:     Size  Location     Type
  Byte            1   21[COMRAM] unsigned char 
 Return value:  Size  Location     Type
		None               void
 Registers used:
		wreg, status,2, status,0, cstack
 Tracked objects:
		On entry : 
		On exit  : 
		Unchanged: 
 Data sizes:     COMRAM   BANK0   BANK1   BANK2
      Params:         1       0       0       0
      Locals:         1       0       0       0
      Temps:          0       0       0       0
      Totals:         2       0       0       0
Total ram usage:        2 bytes
 Hardware stack levels used:    1
 Hardware stack levels required when called:    3
 This function calls:
		_LCDout
 This function is called by:
		_LCD_Init
		_SetLine
		_LCD_String
		_main
 This function uses a non-reentrant model


 *************** function _LCDout *****************
 Defined at:
		line 48 in file "main.c"
 Parameters:    Size  Location     Type
  number          1    wreg     unsigned char 
 Auto vars:     Size  Location     Type
  number          1   19[COMRAM] unsigned char 
 Return value:  Size  Location     Type
		None               void
 Registers used:
		wreg, status,2, status,0, cstack
 Tracked objects:
		On entry : 
		On exit  : 
		Unchanged: 
 Data sizes:     COMRAM   BANK0   BANK1   BANK2
      Params:         0       0       0       0
      Locals:         1       0       0       0
      Temps:          3       0       0       0
      Totals:         4       0       0       0
Total ram usage:        4 bytes
 Hardware stack levels used:    1
 Hardware stack levels required when called:    2
 This function calls:
		_E_TOG
 This function is called by:
		_SendLCD
		_LCD_Init
 This function uses a non-reentrant model


 *************** function _E_TOG *****************
 Defined at:
		line 39 in file "main.c"
 Parameters:    Size  Location     Type
		None
 Auto vars:     Size  Location     Type
		None
 Return value:  Size  Location     Type
		None               void
 Registers used:
		wreg
 Tracked objects:
		On entry : 
		On exit  : 
		Unchanged: 
 Data sizes:     COMRAM   BANK0   BANK1   BANK2
      Params:         0       0       0       0
      Locals:         0       0       0       0
      Temps:          0       0       0       0
      Totals:         0       0       0       0
Total ram usage:        0 bytes
 Hardware stack levels used:    1
 Hardware stack levels required when called:    1
 This function calls:
		Nothing
 This function is called by:
		_LCDout
 This function uses a non-reentrant model


 *************** function _InterruptHandlerHigh *****************
 Defined at:
		line 130 in file "main.c"
 Parameters:    Size  Location     Type
		None
 Auto vars:     Size  Location     Type
  B               1   15[COMRAM] unsigned char 
  A               1   14[COMRAM] unsigned char 
 Return value:  Size  Location     Type
		None               void
 Registers used:
		wreg, status,2, status,0
 Tracked objects:
		On entry : 
		On exit  : 
		Unchanged: 
 Data sizes:     COMRAM   BANK0   BANK1   BANK2
      Params:         0       0       0       0
      Locals:         2       0       0       0
      Temps:         14       0       0       0
      Totals:        16       0       0       0
Total ram usage:       16 bytes
 Hardware stack levels used:    1
 This function calls:
		Nothing
 This function is called by:
		Interrupt level 2
 This function uses a non-reentrant model



MODULE INFORMATION

Module		Function		Class		Link	Load	Size
C:\Program Files (x86)\Microchip\xc8\v1.35\sources\common\strcat.c
		_strcat        		CODE           	0BF4	0000	81

C:\Program Files (x86)\Microchip\xc8\v1.35\sources\common\strcat.c estimated size: 81

C:\Program Files (x86)\Microchip\xc8\v1.35\sources\common\strlen.c
		_strlen        		CODE           	0C84	0000	59

C:\Program Files (x86)\Microchip\xc8\v1.35\sources\common\strlen.c estimated size: 59

C:\Program Files (x86)\Microchip\xc8\v1.35\sources\common\doprnt.c
		_sprintf       		CODE           	0C44	0000	65

C:\Program Files (x86)\Microchip\xc8\v1.35\sources\common\doprnt.c estimated size: 65

shared
		__initialization		CODE           	0D1E	0000	7

shared estimated size: 7

C:\Program Files (x86)\Microchip\xc8\v1.35\sources\common\memmove.c
		_memmove       		CODE           	0AF6	0000	161

C:\Program Files (x86)\Microchip\xc8\v1.35\sources\common\memmove.c estimated size: 161

main.c
		_SetLine       		CODE           	0CBE	0000	49
		_LCD_String    		CODE           	0B96	0000	95
		_LCD_Init      		CODE           	08AA	0000	201
		_main          		CODE           	03CC	0000	1247
		_SendLCD       		CODE           	0CEE	0000	49
		_E_TOG         		CODE           	0D32	0000	15
		_InterruptHandlerHigh		CODE           	0008	0000	187
		_LCDout        		CODE           	0972	0000	199
		_str_cut       		CODE           	0A38	0000	191

main.c estimated size: 2233

